[theme399v5.demov5.keyweb.vn/index.html]
[theme399v5.demov5.keyweb.vn/xmlrpc.php]
[backblue.gif]
[fade.gif]
[index.html]
[theme399v5.demov5.keyweb.vn/userdata/8421/wp-content/uploads/cache/fvm/1652370324/out/header-84e60a2d.min.js]
[theme399v5.demov5.keyweb.vn/csvr-plugin/smart-slider-3/nextend/media/dist/n2.min2804.js]
[theme399v5.demov5.keyweb.vn/csvr-plugin/smart-slider-3/nextend/media/dist/nextend-frontend.min2804.js]
[theme399v5.demov5.keyweb.vn/csvr-plugin/smart-slider-3/library/media/dist/smartslider-frontend.min2804.js]
[theme399v5.demov5.keyweb.vn/wp-json/index.html]
[theme399v5.demov5.keyweb.vn/csvr-plugin/smart-slider-3/library/media/plugins/type/simple/simple/dist/smartslider-simple-type-frontend.min2804.js]
[theme399v5.demov5.keyweb.vn/csvr-plugin/smart-slider-3/library/media/plugins/type/simple/simple/dist/smartslider-backgroundanimation.min2804.js]
[theme399v5.demov5.keyweb.vn/csvr-plugin/smart-slider-3/nextend/media/dist/nextend-webfontloader.min2804.js]
[connect.facebook.net/vi_VN/sdk.js]
[theme399v5.demov5.keyweb.vn/userdata/8421/wp-content/uploads/2021/12/logo1.png]
[theme399v5.demov5.keyweb.vn/userdata/8421/wp-content/uploads/2021/12/img-4820-2-scaled.jpg]
[theme399v5.demov5.keyweb.vn/gioi-thieu/index.html]
[theme399v5.demov5.keyweb.vn/userdata/8421/wp-content/uploads/2021/12/2-1-ky0hkc1fui-2.jpg]
[theme399v5.demov5.keyweb.vn/diem-khac-biet/index.html]
[theme399v5.demov5.keyweb.vn/userdata/8421/wp-content/uploads/2021/12/imageaaa.jpg]
[theme399v5.demov5.keyweb.vn/du-an/index.html]
[theme399v5.demov5.keyweb.vn/userdata/8421/wp-content/uploads/2021/12/icon4.png]
[theme399v5.demov5.keyweb.vn/linh_vuc/giai-phap-marketing-tong-the/index.html]
[theme399v5.demov5.keyweb.vn/userdata/8421/wp-content/uploads/2021/12/icon5.png]
[theme399v5.demov5.keyweb.vn/linh_vuc/quay-chup-tvc-doanh-nghiep/index.html]
[theme399v5.demov5.keyweb.vn/userdata/8421/wp-content/uploads/2021/12/icon6.png]
[theme399v5.demov5.keyweb.vn/linh_vuc/booking-kol-influencer-bao-chi-truyen-hinh/index.html]
[theme399v5.demov5.keyweb.vn/userdata/8421/wp-content/uploads/2021/12/icon1.png]
[theme399v5.demov5.keyweb.vn/linh_vuc/thiet-ke-logo-nhan-dien-thuong-hieu/index.html]
[theme399v5.demov5.keyweb.vn/userdata/8421/wp-content/uploads/2021/12/icon2.png]
[theme399v5.demov5.keyweb.vn/linh_vuc/thiet-ke-website-chuyen-nghiep/index.html]
[theme399v5.demov5.keyweb.vn/userdata/8421/wp-content/uploads/2021/12/icon3.png]
[theme399v5.demov5.keyweb.vn/linh_vuc/quay-chup-ky-yeu-su-kien-phong-su-cuoi/index.html]
[theme399v5.demov5.keyweb.vn/userdata/8421/wp-content/uploads/2021/12/section-3-icon-title.png]
[theme399v5.demov5.keyweb.vn/c/tin-tuc/index.html]
[theme399v5.demov5.keyweb.vn/userdata/8421/wp-content/uploads/2021/12/section-3-img-1.jpg]
[theme399v5.demov5.keyweb.vn/lien-he/index.html]
[theme399v5.demov5.keyweb.vn/userdata/8421/wp-content/uploads/2021/12/section-3-icon-1.png]
[theme399v5.demov5.keyweb.vn/userdata/8421/wp-content/uploads/2021/12/section-3-img-2.jpg]
[theme399v5.demov5.keyweb.vn/userdata/8421/wp-content/uploads/2021/12/section-3-icon-2-1.png]
[theme399v5.demov5.keyweb.vn/userdata/8421/wp-content/uploads/2021/12/section-3-img-3.jpg]
[theme399v5.demov5.keyweb.vn/userdata/8421/wp-content/uploads/2021/12/section-3-icon-3.png]
[theme399v5.demov5.keyweb.vn/userdata/8421/wp-content/uploads/2021/12/img-4427-2048x1366.jpg]
[theme399v5.demov5.keyweb.vn/userdata/8421/wp-content/uploads/2021/12/section-3-icon-4.png]
[theme399v5.demov5.keyweb.vn/userdata/8421/wp-content/uploads/2021/12/ky-yeu-thoi-bao-cap.jpg]
[theme399v5.demov5.keyweb.vn/userdata/8421/wp-content/uploads/2021/12/section-3-icon-5.png]
[theme399v5.demov5.keyweb.vn/userdata/8421/wp-content/uploads/2021/12/2-1-ky0hkc1fui-1.jpg]
[theme399v5.demov5.keyweb.vn/userdata/8421/wp-content/uploads/2021/12/section-3-icon-6.png]
[theme399v5.demov5.keyweb.vn/userdata/8421/wp-content/uploads/2021/12/about-bg-handshake.jpg]
[theme399v5.demov5.keyweb.vn/userdata/8421/wp-content/uploads/2021/12/du-an.png]
[theme399v5.demov5.keyweb.vn/userdata/8421/wp-content/uploads/2021/12/chien-dich.png]
[theme399v5.demov5.keyweb.vn/userdata/8421/wp-content/uploads/2021/12/khach-hang.png]
[theme399v5.demov5.keyweb.vn/userdata/8421/wp-content/uploads/2021/12/artboard-4-copy-3.png]
[theme399v5.demov5.keyweb.vn/userdata/8421/wp-content/uploads/2021/12/logo-tpsolar-1.png]
[theme399v5.demov5.keyweb.vn/userdata/8421/wp-content/uploads/2021/12/logo-yuncosplay.png]
[theme399v5.demov5.keyweb.vn/userdata/8421/wp-content/uploads/2021/12/logo-vde.png]
[theme399v5.demov5.keyweb.vn/userdata/8421/wp-content/uploads/2021/12/logo-stu.png]
[theme399v5.demov5.keyweb.vn/userdata/8421/wp-content/uploads/2021/12/logo-lispharma.png]
[theme399v5.demov5.keyweb.vn/userdata/8421/wp-content/uploads/2021/12/logo-eplus.png]
[theme399v5.demov5.keyweb.vn/userdata/8421/wp-content/uploads/2021/12/logo-chiron.png]
[theme399v5.demov5.keyweb.vn/userdata/8421/wp-content/uploads/2021/12/logo-aplus.png]
[theme399v5.demov5.keyweb.vn/userdata/8421/wp-content/uploads/2021/12/chup-phong-su-ngay-cuoi-luong-gio-moi-duoc-du-nhap-15.jpg]
[theme399v5.demov5.keyweb.vn/userdata/8421/wp-content/uploads/2021/12/14317363-1552279478131599-2305766279489871771-n.jpg]
[theme399v5.demov5.keyweb.vn/bong-da-cup-c1-chau-au-2-2/index.html]
[theme399v5.demov5.keyweb.vn/userdata/8421/wp-content/uploads/2021/12/c1.jpg]
[theme399v5.demov5.keyweb.vn/bong-da-cup-c1-chau-au-2/index.html]
[theme399v5.demov5.keyweb.vn/userdata/8421/wp-content/uploads/2021/12/b1277ee561799527cc68.jpg]
[theme399v5.demov5.keyweb.vn/bong-da-cup-c1-chau-au/index.html]
[theme399v5.demov5.keyweb.vn/userdata/8421/wp-content/uploads/2021/12/123.jpg]
[theme399v5.demov5.keyweb.vn/du-an-booking-kol/index.html]
[theme399v5.demov5.keyweb.vn/userdata/8421/wp-content/uploads/2019/12/tvc2-bia-ha-noi-2018-3.jpg]
[theme399v5.demov5.keyweb.vn/thiet-ke-catalogue-san-pham-tp-solar/index.html]
[theme399v5.demov5.keyweb.vn/userdata/8421/wp-content/uploads/2021/12/nen-khach-hang2-2.png]
[theme399v5.demov5.keyweb.vn/ung-dung-bulong-inox-trong-co-khi/index.html]
[theme399v5.demov5.keyweb.vn/userdata/8421/wp-content/uploads/2021/12/section-6-img-review.png]
[theme399v5.demov5.keyweb.vn/userdata/8421/wp-content/uploads/2021/12/ky-yeu-3.jpg]
[theme399v5.demov5.keyweb.vn/bulong-inox-chong-ri-la-gi/index.html]
[theme399v5.demov5.keyweb.vn/userdata/8421/wp-content/uploads/2021/12/128195571-111647850774897-5998081793835732805-n.jpg]
[theme399v5.demov5.keyweb.vn/ty-giang-xa-go-la-gi-ty-giang-xa-go-duoc-su-dung-de-lam-gi/index.html]
[theme399v5.demov5.keyweb.vn/userdata/8421/wp-content/uploads/2021/12/home-3-05.png]
[theme399v5.demov5.keyweb.vn/c/kien-thuc/index.html]
[theme399v5.demov5.keyweb.vn/userdata/8421/wp-content/uploads/2021/12/section-1-img-bg-1.jpg]
[theme399v5.demov5.keyweb.vn/userdata/8421/wp-content/uploads/2021/12/untitled-1.jpg]
[theme399v5.demov5.keyweb.vn/userdata/8421/wp-content/themes/keyweb/css/images/dmca.png]
[connect.facebook.net/en_US/fbevents.js]
[theme399v5.demov5.keyweb.vn/userdata/8421/wp-content/uploads/cache/fvm/1652370324/out/footer-5b6a26ad.min.js]
[lib.keyweb.vn/lib/swiper/swiper.min.js]
[theme399v5.demov5.keyweb.vn/userdata/8421/wp-content/uploads/cache/fvm/1652370324/out/footer-259c0550.min.js]
[theme399v5.demov5.keyweb.vn/index.html]
[theme399v5.demov5.keyweb.vn/xmlrpc.html]
[media.codev5.keyweb.vn/csvr-plugin/contact-form-7/images/ajax-loader.gif]
[theme399v5.demov5.keyweb.vn/userdata/8421/wp-content/uploads/cache/fvm/1652370324/out/header-a21d3d99.min.css]
[theme399v5.demov5.keyweb.vn/csvr-plugin/woocommerce/assets/fonts/star.eot]
[theme399v5.demov5.keyweb.vn/userdata/8421/wp-content/uploads/cache/fvm/1652370324/out/header-6f2016e3.min.css]
[theme399v5.demov5.keyweb.vn/csvr-plugin/smart-slider-3/library/media/smartslider.min2804.css]
[connect.facebook.net/vi_VN/sdk.js]
[theme399v5.demov5.keyweb.vn/wp-json/oembed/1.0/embed0690.json]
[theme399v5.demov5.keyweb.vn/wp-json/oembed/1.0/embed8d8d]
[theme399v5.demov5.keyweb.vn/userdata/8421/wp-content/uploads/2021/12/section-4-icon.png]
[theme399v5.demov5.keyweb.vn/userdata/8421/wp-content/uploads/2021/12/section-3-icon-2.png]
[theme399v5.demov5.keyweb.vn/userdata/8421/wp-content/uploads/2021/12/img-9629.jpg]
[theme399v5.demov5.keyweb.vn/userdata/8421/wp-content/uploads/2021/12/3p6a3205.jpg]
[theme399v5.demov5.keyweb.vn/userdata/8421/wp-content/uploads/cache/fvm/1652370324/out/footer-4ae52b7a.min.js]
[theme399v5.demov5.keyweb.vn/gioi-thieu/index.html]
[theme399v5.demov5.keyweb.vn/wp-json/oembed/1.0/embedb90d.json]
[theme399v5.demov5.keyweb.vn/wp-json/oembed/1.0/embed5e01]
[theme399v5.demov5.keyweb.vn/userdata/8421/wp-content/uploads/cache/fvm/1652370324/out/footer-a5c430c9.min.js]
[theme399v5.demov5.keyweb.vn/diem-khac-biet/index.html]
[theme399v5.demov5.keyweb.vn/wp-json/oembed/1.0/embed369a.json]
[theme399v5.demov5.keyweb.vn/wp-json/oembed/1.0/embed54e8]
[theme399v5.demov5.keyweb.vn/du-an/index.html]
[theme399v5.demov5.keyweb.vn/wp-json/oembed/1.0/embed13db.json]
[theme399v5.demov5.keyweb.vn/wp-json/oembed/1.0/embed55db]
[theme399v5.demov5.keyweb.vn/userdata/8421/wp-content/uploads/2021/12/section-4-img-5.png]
[theme399v5.demov5.keyweb.vn/userdata/8421/wp-content/uploads/2021/12/mkt3-1.png]
[theme399v5.demov5.keyweb.vn/userdata/8421/wp-content/uploads/2021/12/mkt2.png]
[theme399v5.demov5.keyweb.vn/userdata/8421/wp-content/uploads/2021/12/tick2.png]
[theme399v5.demov5.keyweb.vn/userdata/8421/wp-content/uploads/2021/12/mkt11.png]
[theme399v5.demov5.keyweb.vn/userdata/8421/wp-content/uploads/2021/12/mkt21.png]
[theme399v5.demov5.keyweb.vn/userdata/8421/wp-content/uploads/2021/12/mkt31.png]
[theme399v5.demov5.keyweb.vn/userdata/8421/wp-content/uploads/2021/12/mkt61.png]
[theme399v5.demov5.keyweb.vn/userdata/8421/wp-content/uploads/2021/12/mkt51.png]
[theme399v5.demov5.keyweb.vn/userdata/8421/wp-content/uploads/2021/12/mkt41.png]
[theme399v5.demov5.keyweb.vn/userdata/8421/wp-content/uploads/2021/12/kpt-01.png]
[theme399v5.demov5.keyweb.vn/userdata/8421/wp-content/uploads/2021/12/muc-tieu-01.png]
[theme399v5.demov5.keyweb.vn/userdata/8421/wp-content/uploads/2021/12/xac-dinh-01.png]
[theme399v5.demov5.keyweb.vn/userdata/8421/wp-content/uploads/2021/12/chuyen-doi-01.png]
[theme399v5.demov5.keyweb.vn/linh_vuc/giai-phap-marketing-tong-the/index.html]
[theme399v5.demov5.keyweb.vn/wp-json/oembed/1.0/embed7266.json]
[theme399v5.demov5.keyweb.vn/wp-json/oembed/1.0/embed80e5]
[theme399v5.demov5.keyweb.vn/userdata/8421/wp-content/uploads/2021/12/tvc-1-1.jpg]
[theme399v5.demov5.keyweb.vn/userdata/8421/wp-content/uploads/2021/12/tick3.png]
[theme399v5.demov5.keyweb.vn/userdata/8421/wp-content/uploads/2021/12/tvc1-1.png]
[theme399v5.demov5.keyweb.vn/userdata/8421/wp-content/uploads/2021/12/tvc2-1.png]
[theme399v5.demov5.keyweb.vn/userdata/8421/wp-content/uploads/2021/12/tvc3-1.png]
[theme399v5.demov5.keyweb.vn/userdata/8421/wp-content/uploads/2021/12/tvc5-1.png]
[theme399v5.demov5.keyweb.vn/userdata/8421/wp-content/uploads/2021/12/tvc6-1.png]
[theme399v5.demov5.keyweb.vn/userdata/8421/wp-content/uploads/2021/12/tvc4-1.png]
[theme399v5.demov5.keyweb.vn/userdata/8421/wp-content/uploads/2021/12/kpt01.png]
[theme399v5.demov5.keyweb.vn/userdata/8421/wp-content/uploads/2021/12/muc-tieu01.png]
[theme399v5.demov5.keyweb.vn/userdata/8421/wp-content/uploads/2021/12/xac-dinh01.png]
[theme399v5.demov5.keyweb.vn/userdata/8421/wp-content/uploads/2021/12/chuyen-doi01.png]
[theme399v5.demov5.keyweb.vn/linh_vuc/quay-chup-tvc-doanh-nghiep/index.html]
[theme399v5.demov5.keyweb.vn/wp-json/oembed/1.0/embed3957.json]
[theme399v5.demov5.keyweb.vn/wp-json/oembed/1.0/embed0868]
[theme399v5.demov5.keyweb.vn/userdata/8421/wp-content/uploads/2021/12/booking.jpg]
[theme399v5.demov5.keyweb.vn/userdata/8421/wp-content/uploads/2021/12/booking-1.png]
[theme399v5.demov5.keyweb.vn/userdata/8421/wp-content/uploads/2021/12/tick4.png]
[theme399v5.demov5.keyweb.vn/userdata/8421/wp-content/uploads/cache/fvm/1652370324/out/footer-d9e9354a.min.js]
[theme399v5.demov5.keyweb.vn/linh_vuc/booking-kol-influencer-bao-chi-truyen-hinh/index.html]
[theme399v5.demov5.keyweb.vn/wp-json/oembed/1.0/embedc1c1.json]
[theme399v5.demov5.keyweb.vn/wp-json/oembed/1.0/embedf662]
[theme399v5.demov5.keyweb.vn/userdata/8421/wp-content/uploads/2021/12/thuong-hieu-2048x1346-min.png]
[theme399v5.demov5.keyweb.vn/userdata/8421/wp-content/uploads/2021/12/artboard-21.png]
[theme399v5.demov5.keyweb.vn/userdata/8421/wp-content/uploads/2021/12/tick5.png]
[theme399v5.demov5.keyweb.vn/userdata/8421/wp-content/uploads/2021/12/brand1.png]
[theme399v5.demov5.keyweb.vn/userdata/8421/wp-content/uploads/2021/12/brand2.png]
[theme399v5.demov5.keyweb.vn/userdata/8421/wp-content/uploads/2021/12/brand3.png]
[theme399v5.demov5.keyweb.vn/userdata/8421/wp-content/uploads/2021/12/brand4.png]
[theme399v5.demov5.keyweb.vn/userdata/8421/wp-content/uploads/2021/12/brad5.png]
[theme399v5.demov5.keyweb.vn/userdata/8421/wp-content/uploads/2021/12/brand3-1.png]
[theme399v5.demov5.keyweb.vn/userdata/8421/wp-content/uploads/2021/12/branding1.png]
[theme399v5.demov5.keyweb.vn/userdata/8421/wp-content/uploads/2021/12/branding3.png]
[theme399v5.demov5.keyweb.vn/userdata/8421/wp-content/uploads/2021/12/branding2.png]
[theme399v5.demov5.keyweb.vn/userdata/8421/wp-content/uploads/2021/12/branding4.png]
[theme399v5.demov5.keyweb.vn/linh_vuc/thiet-ke-logo-nhan-dien-thuong-hieu/index.html]
[theme399v5.demov5.keyweb.vn/wp-json/oembed/1.0/embedf087.json]
[theme399v5.demov5.keyweb.vn/wp-json/oembed/1.0/embedae58]
[theme399v5.demov5.keyweb.vn/userdata/8421/wp-content/uploads/2021/12/ket-noi-khach-hang.png]
[theme399v5.demov5.keyweb.vn/userdata/8421/wp-content/uploads/2021/12/4-loi-ich-chu-shop.png]
[theme399v5.demov5.keyweb.vn/userdata/8421/wp-content/uploads/2021/12/benefit-icon-1.png]
[theme399v5.demov5.keyweb.vn/userdata/8421/wp-content/uploads/2021/12/benefit-icon-2.png]
[theme399v5.demov5.keyweb.vn/userdata/8421/wp-content/uploads/2021/12/benefit-icon-3.png]
[theme399v5.demov5.keyweb.vn/linh_vuc/thiet-ke-website-chuyen-nghiep/index.html]
[theme399v5.demov5.keyweb.vn/userdata/8421/wp-content/uploads/2021/12/benefit-icon-4.png]
[theme399v5.demov5.keyweb.vn/wp-json/oembed/1.0/embedeef1.json]
[theme399v5.demov5.keyweb.vn/wp-json/oembed/1.0/embed872b]
[theme399v5.demov5.keyweb.vn/userdata/8421/wp-content/uploads/2021/12/ky-yeu.jpg]
[theme399v5.demov5.keyweb.vn/userdata/8421/wp-content/uploads/2021/12/3p6a2917-2048x1446.jpg]
[theme399v5.demov5.keyweb.vn/linh_vuc/quay-chup-ky-yeu-su-kien-phong-su-cuoi/index.html]
[theme399v5.demov5.keyweb.vn/userdata/8421/wp-content/uploads/2021/12/chup-phong-su-ngay-cuoi-luong-gio-moi-duoc-du-nhap-15-150x150.jpg]
[theme399v5.demov5.keyweb.vn/c/du-an/index.html]
[theme399v5.demov5.keyweb.vn/userdata/8421/wp-content/uploads/2021/12/14317363-1552279478131599-2305766279489871771-n-150x150.jpg]
[theme399v5.demov5.keyweb.vn/c/du-an/booking-kol/index.html]
[theme399v5.demov5.keyweb.vn/userdata/8421/wp-content/uploads/2021/12/c1-150x150.jpg]
[theme399v5.demov5.keyweb.vn/c/du-an/chup-anh-ky-yeu/index.html]
[theme399v5.demov5.keyweb.vn/userdata/8421/wp-content/uploads/2021/12/b1277ee561799527cc68-150x150.jpg]
[theme399v5.demov5.keyweb.vn/c/du-an/chup-anh-san-pham/index.html]
[theme399v5.demov5.keyweb.vn/userdata/8421/wp-content/uploads/2021/12/123-150x150.jpg]
[theme399v5.demov5.keyweb.vn/userdata/8421/wp-content/uploads/2019/12/tvc2-bia-ha-noi-2018-3-150x150.jpg]
[theme399v5.demov5.keyweb.vn/c/du-an/ho-so-nang-luc/index.html]
[theme399v5.demov5.keyweb.vn/c/du-an/lookbook/index.html]
[theme399v5.demov5.keyweb.vn/userdata/8421/wp-content/uploads/2021/12/ky-yeu-3-150x150.jpg]
[theme399v5.demov5.keyweb.vn/c/du-an/marketing-tong-the/index.html]
[theme399v5.demov5.keyweb.vn/userdata/8421/wp-content/uploads/2021/12/128195571-111647850774897-5998081793835732805-n-150x150.jpg]
[theme399v5.demov5.keyweb.vn/c/goc-chia-se/index.html]
[theme399v5.demov5.keyweb.vn/userdata/8421/wp-content/themes/keyweb/css/images/no-preview-100x100.jpg]
[theme399v5.demov5.keyweb.vn/c/uncategorized/index.html]
[theme399v5.demov5.keyweb.vn/userdata/8421/wp-content/uploads/2019/12/qc-left-1.jpg]
[theme399v5.demov5.keyweb.vn/c/tin-tuc/index.html]
[theme399v5.demov5.keyweb.vn/hello-world/index.html]
[theme399v5.demov5.keyweb.vn/wp-json/oembed/1.0/embeda041.json]
[theme399v5.demov5.keyweb.vn/wp-json/oembed/1.0/embede0d0]
[theme399v5.demov5.keyweb.vn/lien-he/index.html]
[theme399v5.demov5.keyweb.vn/wp-json/oembed/1.0/embedaed4.json]
[theme399v5.demov5.keyweb.vn/wp-json/oembed/1.0/embed66b1]
[theme399v5.demov5.keyweb.vn/userdata/8421/wp-content/uploads/2019/12/tvc2-bia-ha-noi-2018-2-1024x537.jpg]
[theme399v5.demov5.keyweb.vn/userdata/8421/wp-content/uploads/2019/12/tvc2-bia-ha-noi-2018-3-1024x590.jpg]
[lib.keyweb.vn/lib/fancybox/jquery.fancybox.min.js]
[theme399v5.demov5.keyweb.vn/bong-da-cup-c1-chau-au-2-2/index.html]
[theme399v5.demov5.keyweb.vn/wp-json/oembed/1.0/embed8f49.json]
[theme399v5.demov5.keyweb.vn/wp-json/oembed/1.0/embed8277]
[theme399v5.demov5.keyweb.vn/bong-da-cup-c1-chau-au-2/index.html]
[theme399v5.demov5.keyweb.vn/wp-json/oembed/1.0/embed3220.json]
[theme399v5.demov5.keyweb.vn/wp-json/oembed/1.0/embed92ee]
[theme399v5.demov5.keyweb.vn/userdata/8421/wp-content/uploads/cache/fvm/1652370324/out/footer-7b7009d1.min.js]
[theme399v5.demov5.keyweb.vn/bong-da-cup-c1-chau-au/index.html]
[theme399v5.demov5.keyweb.vn/wp-json/oembed/1.0/embedbb36.json]
[theme399v5.demov5.keyweb.vn/du-an-booking-kol/index.html]
[theme399v5.demov5.keyweb.vn/wp-json/oembed/1.0/embed0bac]
[theme399v5.demov5.keyweb.vn/wp-json/oembed/1.0/embed2209.json]
[theme399v5.demov5.keyweb.vn/wp-json/oembed/1.0/embed3ebe]
[theme399v5.demov5.keyweb.vn/thiet-ke-catalogue-san-pham-tp-solar/index.html]
[theme399v5.demov5.keyweb.vn/wp-json/oembed/1.0/embed6fea.json]
[theme399v5.demov5.keyweb.vn/wp-json/oembed/1.0/embed589f]
[theme399v5.demov5.keyweb.vn/ung-dung-bulong-inox-trong-co-khi/index.html]
[theme399v5.demov5.keyweb.vn/wp-json/oembed/1.0/embedfd2b.json]
[theme399v5.demov5.keyweb.vn/wp-json/oembed/1.0/embede91e]
[theme399v5.demov5.keyweb.vn/userdata/8421/wp-content/uploads/2019/12/vit-916.jpg]
[theme399v5.demov5.keyweb.vn/bulong-inox-chong-ri-la-gi/index.html]
[theme399v5.demov5.keyweb.vn/wp-json/oembed/1.0/embed9668.json]
[theme399v5.demov5.keyweb.vn/wp-json/oembed/1.0/embedd0b8]
[theme399v5.demov5.keyweb.vn/userdata/8421/wp-content/uploads/2019/12/thanhren-ty-ren-inox.jpg]
[theme399v5.demov5.keyweb.vn/ty-giang-xa-go-la-gi-ty-giang-xa-go-duoc-su-dung-de-lam-gi/index.html]
[theme399v5.demov5.keyweb.vn/c/kien-thuc/index.html]
[theme399v5.demov5.keyweb.vn/cart/index.html]
[theme399v5.demov5.keyweb.vn/bao-gia/index.html]
[theme399v5.demov5.keyweb.vn/POST]
[connect.facebook.net/en_US/fbevents.js]
[lib.keyweb.vn/lib/swiper/swiper.min.css]
[theme399v5.demov5.keyweb.vn/userdata/8421/wp-content/uploads/cache/fvm/1652370324/out/footer-965028f5.min.css]
[theme399v5.demov5.keyweb.vn/userdata/8421/wp-content/uploads/cache/fvm/1652370324/out/footer-06fc14f1.min.css]
[theme399v5.demov5.keyweb.vn/userdata/8421/wp-content/uploads/cache/fvm/1652370324/out/header-c93e2f09.min.css]
[theme399v5.demov5.keyweb.vn/userdata/8421/wp-content/themes/keyweb/css/images/no-preview-400x400.jpg]
[theme399v5.demov5.keyweb.vn/c/du-an/index.html]
[theme399v5.demov5.keyweb.vn/c/du-an/booking-kol/index.html]
[theme399v5.demov5.keyweb.vn/c/du-an/chup-anh-ky-yeu/index.html]
[theme399v5.demov5.keyweb.vn/c/du-an/chup-anh-san-pham/index.html]
[theme399v5.demov5.keyweb.vn/c/du-an/ho-so-nang-luc/index.html]
[theme399v5.demov5.keyweb.vn/c/du-an/lookbook/index.html]
[theme399v5.demov5.keyweb.vn/c/du-an/marketing-tong-the/index.html]
[theme399v5.demov5.keyweb.vn/c/goc-chia-se/index.html]
[theme399v5.demov5.keyweb.vn/c/uncategorized/index.html]
[theme399v5.demov5.keyweb.vn/wp-json/oembed/1.0/embed7c4a.json]
[theme399v5.demov5.keyweb.vn/wp-json/oembed/1.0/embed13c1]
[theme399v5.demov5.keyweb.vn/hello-world/index.html]
[lib.keyweb.vn/lib/fancybox/jquery.fancybox.min.css]
[theme399v5.demov5.keyweb.vn/wp-json/oembed/1.0/embed7fb5.json]
[theme399v5.demov5.keyweb.vn/wp-json/oembed/1.0/embed072f]
[theme399v5.demov5.keyweb.vn/userdata/8421/wp-content/uploads/cache/fvm/1652370324/out/footer-5d4047d2.min.js]
[theme399v5.demov5.keyweb.vn/cart/index.html]
[theme399v5.demov5.keyweb.vn/shop/index.html]
[theme399v5.demov5.keyweb.vn/wp-json/oembed/1.0/embed0843.json]
[theme399v5.demov5.keyweb.vn/wp-json/oembed/1.0/embed35a1]
[theme399v5.demov5.keyweb.vn/bao-gia/index.html]
[theme399v5.demov5.keyweb.vn/POST.html]
[theme399v5.demov5.keyweb.vn/userdata/8421/wp-content/uploads/cache/fvm/1652370324/out/header-7342404b.min.css]
[theme399v5.demov5.keyweb.vn/userdata/8421/wp-content/uploads/2019/12/u114-300x300.jpg]
[theme399v5.demov5.keyweb.vn/shop/page/2/index.html]
[theme399v5.demov5.keyweb.vn/shop/index97e8.html]
[theme399v5.demov5.keyweb.vn/shop/indexe497.html]
[theme399v5.demov5.keyweb.vn/shop/index30b7.html]
[theme399v5.demov5.keyweb.vn/userdata/8421/wp-content/uploads/2019/12/u140-300x300.jpg]
[theme399v5.demov5.keyweb.vn/shop/index2d7b.html]
[theme399v5.demov5.keyweb.vn/shop/index73d4.html]
[theme399v5.demov5.keyweb.vn/shop/bo-ubolt-inox-om-ong-φ114/index.html]
[theme399v5.demov5.keyweb.vn/shop/bo-ubolt-inox-om-ong-φ140/index.html]
[theme399v5.demov5.keyweb.vn/userdata/8421/wp-content/uploads/2019/12/u168-300x300.jpg]
[theme399v5.demov5.keyweb.vn/shop/index.html]
[theme399v5.demov5.keyweb.vn/shop/page/2/index.html]
[theme399v5.demov5.keyweb.vn/userdata/8421/wp-content/uploads/cache/fvm/1652370324/out/header-ac75362a.min.css]
[theme399v5.demov5.keyweb.vn/shop/index97e8.html]
[theme399v5.demov5.keyweb.vn/shop/indexe497.html]
[theme399v5.demov5.keyweb.vn/shop/index30b7.html]
[theme399v5.demov5.keyweb.vn/shop/index73d4.html]
[theme399v5.demov5.keyweb.vn/shop/index2d7b.html]
[theme399v5.demov5.keyweb.vn/shop/bo-ubolt-inox-om-ong-φ114/index.html]
[theme399v5.demov5.keyweb.vn/shop/bo-ubolt-inox-om-ong-φ140/index.html]
[theme399v5.demov5.keyweb.vn/shop/bo-ubolt-inox-om-ong-φ168/index.html]
[theme399v5.demov5.keyweb.vn/shop/bo-ubolt-inox-om-ong-φ48/index.html]
[theme399v5.demov5.keyweb.vn/userdata/8421/wp-content/uploads/2019/12/u48-300x300.html]
[theme399v5.demov5.keyweb.vn/shop/bo-ubolt-inox-om-ong-φ60/index.html]
[theme399v5.demov5.keyweb.vn/userdata/8421/wp-content/uploads/2019/12/u60-300x300.html]
[theme399v5.demov5.keyweb.vn/shop/bu-long-cap-ben-4-8/index.html]
[theme399v5.demov5.keyweb.vn/userdata/8421/wp-content/uploads/2019/12/bulong-cap-ben-4.8-300x300.html]
[theme399v5.demov5.keyweb.vn/shop/bu-long-cap-ben-5-6/index.html]
[theme399v5.demov5.keyweb.vn/userdata/8421/wp-content/uploads/2019/12/bulong-cap-ben-5.6-300x300.html]
[theme399v5.demov5.keyweb.vn/shop/bu-long-cap-ben-5-8/index.html]
[theme399v5.demov5.keyweb.vn/userdata/8421/wp-content/uploads/2019/12/bulong-cap-ben-5.8-300x300.html]
[theme399v5.demov5.keyweb.vn/shop/bu-long-cap-ben-6-6/index.html]
[theme399v5.demov5.keyweb.vn/userdata/8421/wp-content/uploads/2019/12/bulong-cap-ben-6.6-300x300.html]
[theme399v5.demov5.keyweb.vn/shop/bu-long-cap-ben-6-8/index.html]
[theme399v5.demov5.keyweb.vn/userdata/8421/wp-content/uploads/2019/12/bulong-cap-ben-6.8-300x300.html]
[theme399v5.demov5.keyweb.vn/shop/bu-long-hoa-chat-hilti/index.html]
[theme399v5.demov5.keyweb.vn/userdata/8421/wp-content/uploads/2019/12/bulong-hoa-chat-hilti-300x300.html]
[theme399v5.demov5.keyweb.vn/shop/bu-long-hoa-chat-inox/index.html]
[theme399v5.demov5.keyweb.vn/userdata/8421/wp-content/uploads/2019/12/bulong-hoachat-300x300.html]
[theme399v5.demov5.keyweb.vn/shop/bu-long-hoa-chat-ramset/index.html]
[theme399v5.demov5.keyweb.vn/userdata/8421/wp-content/uploads/2019/12/bulong-hoachat-ramset-300x300.html]
[theme399v5.demov5.keyweb.vn/shop/bu-long-inox-201/index.html]
[theme399v5.demov5.keyweb.vn/userdata/8421/wp-content/uploads/2019/12/BULONG201-300x300.html]
[theme399v5.demov5.keyweb.vn/shop/index0ff8.html]
[theme399v5.demov5.keyweb.vn/shop/bu-long-inox-304/index.html]
[theme399v5.demov5.keyweb.vn/userdata/8421/wp-content/uploads/2019/12/304-1-300x300.html]
[theme399v5.demov5.keyweb.vn/shop/bu-long-inox-316l/index.html]
[theme399v5.demov5.keyweb.vn/userdata/8421/wp-content/uploads/2019/12/bulong-inox-316L-300x300.html]
[theme399v5.demov5.keyweb.vn/shop/page/3/index.html]
[theme399v5.demov5.keyweb.vn/shop/page/4/index.html]
[theme399v5.demov5.keyweb.vn/shop/page/5/index.html]
[theme399v5.demov5.keyweb.vn/userdata/8421/wp-content/uploads/cache/fvm/1652370324/out/footer-ec3b66ee.min.html]
[theme399v5.demov5.keyweb.vn/shop/bu-long-inox-luc-giac-chim-dau-bang-din-7991/index.html]
[theme399v5.demov5.keyweb.vn/userdata/8421/wp-content/uploads/2019/12/bulong-luc-giac-chim-dau-bang-din-300x300.html]
[theme399v5.demov5.keyweb.vn/shop/bu-long-neo-cuong-do-cao/index.html]
[theme399v5.demov5.keyweb.vn/userdata/8421/wp-content/uploads/2019/12/bulong-neo-cuong-do-cao-300x300.html]
[theme399v5.demov5.keyweb.vn/shop/bu-long-neo-mong-be-j/index.html]
[theme399v5.demov5.keyweb.vn/userdata/8421/wp-content/uploads/2019/12/bulong-mong-be-j-300x300.html]
[theme399v5.demov5.keyweb.vn/shop/bu-long-neo-mong-be-u/index.html]
[theme399v5.demov5.keyweb.vn/userdata/8421/wp-content/uploads/2019/12/bulong-mong-be-u-300x300.html]
[theme399v5.demov5.keyweb.vn/shop/bu-long-neo-mong-inox/index.html]
[theme399v5.demov5.keyweb.vn/userdata/8421/wp-content/uploads/2019/12/bulong-neo-mong-inox-300x300.html]
[theme399v5.demov5.keyweb.vn/shop/bu-long-neo-mong-l/index.html]
[theme399v5.demov5.keyweb.vn/userdata/8421/wp-content/uploads/2019/12/bulong-mong-be-L-300x300.html]
[theme399v5.demov5.keyweb.vn/shop/bu-long-no-3-canh-tac-ke-3-canh/index.html]
[theme399v5.demov5.keyweb.vn/userdata/8421/wp-content/uploads/2019/12/bulong-no-rut-300x300.html]
[theme399v5.demov5.keyweb.vn/shop/bu-long-no-dan-tac-ke-dong/index.html]
[theme399v5.demov5.keyweb.vn/userdata/8421/wp-content/uploads/2019/12/bulong-no-dam-300x300.html]
[theme399v5.demov5.keyweb.vn/shop/bu-long-no-inox/index.html]
[theme399v5.demov5.keyweb.vn/userdata/8421/wp-content/uploads/2019/12/bulong-no-inox-300x300.html]
[theme399v5.demov5.keyweb.vn/shop/page/2/indexc887.html]
[theme399v5.demov5.keyweb.vn/shop/bu-long-no-inox-2/index.html]
[theme399v5.demov5.keyweb.vn/userdata/8421/wp-content/uploads/2019/12/bulong-no-inox-1-300x300.html]
[theme399v5.demov5.keyweb.vn/shop/bu-long-nỏ-ong-tac-ke-ong/index.html]
[theme399v5.demov5.keyweb.vn/userdata/8421/wp-content/uploads/2019/12/bulong-tac-ke-no-ong-300x300.html]
[theme399v5.demov5.keyweb.vn/shop/bu-long-nỏ-rut-tac-ke-rut/index.html]
[theme399v5.demov5.keyweb.vn/userdata/8421/wp-content/uploads/2019/12/bulong-tac-ke-no-rut-300x300.html]
[theme399v5.demov5.keyweb.vn/shop/bu-long-tu-cat/index.html]
[theme399v5.demov5.keyweb.vn/userdata/8421/wp-content/uploads/2019/12/bulong-tu-cat-01-300x300.html]
[theme399v5.demov5.keyweb.vn/shop/dai-oc-han-3-chan-din-929/index.html]
[theme399v5.demov5.keyweb.vn/userdata/8421/wp-content/uploads/2019/12/dai-oc-han-3-chan-929-300x300.html]
[theme399v5.demov5.keyweb.vn/shop/dai-oc-han-4-chan-din-928/index.html]
[theme399v5.demov5.keyweb.vn/userdata/8421/wp-content/uploads/2019/12/dai-oc-han-4-chan-928-1-300x300.html]
[theme399v5.demov5.keyweb.vn/shop/dai-oc-khoa-inox-din-985/index.html]
[theme399v5.demov5.keyweb.vn/userdata/8421/wp-content/uploads/2019/12/dai-oc-khoa-din985-300x300.html]
[theme399v5.demov5.keyweb.vn/shop/page/1/index.html]
[theme399v5.demov5.keyweb.vn/shop/index238b.html]
[theme399v5.demov5.keyweb.vn/shop/index6fc0.html]
[theme399v5.demov5.keyweb.vn/shop/indexa351.html]
[theme399v5.demov5.keyweb.vn/shop/index90b0.html]
[theme399v5.demov5.keyweb.vn/shop/indexc887.html]
[theme399v5.demov5.keyweb.vn/shop/dai-oc-luc-giac-inox-din-934/index.html]
[theme399v5.demov5.keyweb.vn/userdata/8421/wp-content/uploads/2019/12/dai-oc-luc-giac-934-300x300.html]
[theme399v5.demov5.keyweb.vn/shop/index3030.html]
[theme399v5.demov5.keyweb.vn/shop/index7cc8.html]
[theme399v5.demov5.keyweb.vn/shop/index395a.html]
[theme399v5.demov5.keyweb.vn/shop/indexadc1.html]
[theme399v5.demov5.keyweb.vn/shop/indexf860.html]
